                                      1 ;--------------------------------------------------------
                                      2 ; File Created by SDCC : free open source ISO C Compiler 
                                      3 ; Version 4.3.2 #14228 (MINGW64)
                                      4 ;--------------------------------------------------------
                                      5 	.module main
                                      6 	.optsdcc -msm83
                                      7 	
                                      8 ;--------------------------------------------------------
                                      9 ; Public variables in this module
                                     10 ;--------------------------------------------------------
                                     11 	.globl _main
                                     12 	.globl _memcpy
                                     13 	.globl _display_off
                                     14 	.globl _wait_vbl_done
                                     15 	.globl _joypad
                                     16 	.globl _counter
                                     17 	.globl _RightPressed
                                     18 	.globl _LeftPressed
                                     19 	.globl _DownPressed
                                     20 	.globl _UpPressed
                                     21 	.globl _requestData
                                     22 	.globl _spriteAttributes
                                     23 	.globl _InputData
                                     24 	.globl _tilemap
                                     25 	.globl _pallets
                                     26 	.globl _vram
                                     27 	.globl _PlayerSprites
                                     28 	.globl _prevplayerDir
                                     29 	.globl _playerDir
                                     30 ;--------------------------------------------------------
                                     31 ; special function registers
                                     32 ;--------------------------------------------------------
                                     33 ;--------------------------------------------------------
                                     34 ; ram data
                                     35 ;--------------------------------------------------------
                                     36 	.area _DATA
      000000                         37 _main_joy_131073_155:
      000000                         38 	.ds 1
                                     39 ;--------------------------------------------------------
                                     40 ; ram data
                                     41 ;--------------------------------------------------------
                                     42 	.area _INITIALIZED
      000000                         43 _playerDir::
      000000                         44 	.ds 2
      000002                         45 _prevplayerDir::
      000002                         46 	.ds 2
      000004                         47 _y:
      000004                         48 	.ds 2
      000006                         49 _x:
      000006                         50 	.ds 2
      000008                         51 _PlayerSprites::
      000008                         52 	.ds 704
      0002C8                         53 _vram::
      0002C8                         54 	.ds 2
      0002CA                         55 _pallets::
      0002CA                         56 	.ds 2
      0002CC                         57 _tilemap::
      0002CC                         58 	.ds 2
      0002CE                         59 _InputData::
      0002CE                         60 	.ds 2
      0002D0                         61 _spriteAttributes::
      0002D0                         62 	.ds 2
      0002D2                         63 _requestData::
      0002D2                         64 	.ds 2
      0002D4                         65 _UpPressed::
      0002D4                         66 	.ds 1
      0002D5                         67 _DownPressed::
      0002D5                         68 	.ds 1
      0002D6                         69 _LeftPressed::
      0002D6                         70 	.ds 1
      0002D7                         71 _RightPressed::
      0002D7                         72 	.ds 1
      0002D8                         73 _counter::
      0002D8                         74 	.ds 2
                                     75 ;--------------------------------------------------------
                                     76 ; absolute external ram data
                                     77 ;--------------------------------------------------------
                                     78 	.area _DABS (ABS)
                                     79 ;--------------------------------------------------------
                                     80 ; global & static initialisations
                                     81 ;--------------------------------------------------------
                                     82 	.area _HOME
                                     83 	.area _GSINIT
                                     84 	.area _GSFINAL
                                     85 	.area _GSINIT
                                     86 ;main.c:88: static uint8_t joy = 0;
      000000 21r00r00         [12]   87 	ld	hl, #_main_joy_131073_155
      000003 36 00            [12]   88 	ld	(hl), #0x00
                                     89 ;--------------------------------------------------------
                                     90 ; Home
                                     91 ;--------------------------------------------------------
                                     92 	.area _HOME
                                     93 	.area _HOME
                                     94 ;--------------------------------------------------------
                                     95 ; code
                                     96 ;--------------------------------------------------------
                                     97 	.area _CODE
                                     98 ;main.c:22: void main(){
                                     99 ;	---------------------------------
                                    100 ; Function main
                                    101 ; ---------------------------------
      000000                        102 _main::
                                    103 ;main.c:23: SPRITES_8x16;
      000000 F0r00            [12]  104 	ldh	a, (_LCDC_REG + 0)
      000002 F6 04            [ 8]  105 	or	a, #0x04
      000004 E0r00            [12]  106 	ldh	(_LCDC_REG + 0), a
                                    107 ;c:\gbdk\include\gb\gb.h:754: __asm__("di");
      000006 F3               [ 4]  108 	di
                                    109 ;main.c:26: DISPLAY_OFF;
      000007 CDr00r00         [24]  110 	call	_display_off
                                    111 ;main.c:27: LCDC_REG = 0x47;
      00000A 3E 47            [ 8]  112 	ld	a, #0x47
      00000C E0r00            [12]  113 	ldh	(_LCDC_REG + 0), a
                                    114 ;main.c:28: BGP_REG = OBP0_REG = OBP1_REG = 0xE4U;
      00000E 3E E4            [ 8]  115 	ld	a, #0xe4
      000010 E0r00            [12]  116 	ldh	(_OBP1_REG + 0), a
      000012 3E E4            [ 8]  117 	ld	a, #0xe4
      000014 E0r00            [12]  118 	ldh	(_OBP0_REG + 0), a
      000016 3E E4            [ 8]  119 	ld	a, #0xe4
      000018 E0r00            [12]  120 	ldh	(_BGP_REG + 0), a
                                    121 ;main.c:30: memcpy(vram, PlayerSprites, sizeof(PlayerSprites));
      00001A 01r08r00         [12]  122 	ld	bc, #_PlayerSprites+0
      00001D 21rC8r02         [12]  123 	ld	hl, #_vram
      000020 2A               [ 8]  124 	ld	a, (hl+)
      000021 5F               [ 4]  125 	ld	e, a
      000022 56               [ 8]  126 	ld	d, (hl)
      000023 21 C0 02         [12]  127 	ld	hl, #0x02c0
      000026 E5               [16]  128 	push	hl
      000027 CDr00r00         [24]  129 	call	_memcpy
                                    130 ;main.c:32: DISPLAY_ON;
      00002A F0r00            [12]  131 	ldh	a, (_LCDC_REG + 0)
      00002C F6 80            [ 8]  132 	or	a, #0x80
      00002E E0r00            [12]  133 	ldh	(_LCDC_REG + 0), a
                                    134 ;c:\gbdk\include\gb\gb.h:738: __asm__("ei");
      000030 FB               [ 4]  135 	ei
                                    136 ;main.c:35: SHOW_SPRITES;
      000031 F0r00            [12]  137 	ldh	a, (_LCDC_REG + 0)
      000033 F6 02            [ 8]  138 	or	a, #0x02
      000035 E0r00            [12]  139 	ldh	(_LCDC_REG + 0), a
                                    140 ;main.c:37: while(1){
      000037                        141 00151$:
                                    142 ;main.c:40: if(counter < 5){
      000037 21rD8r02         [12]  143 	ld	hl, #_counter
      00003A 2A               [ 8]  144 	ld	a, (hl+)
      00003B D6 05            [ 8]  145 	sub	a, #0x05
      00003D 7E               [ 8]  146 	ld	a, (hl)
      00003E DE 00            [ 8]  147 	sbc	a, #0x00
      000040 56               [ 8]  148 	ld	d, (hl)
      000041 3E 00            [ 8]  149 	ld	a, #0x00
      000043 5F               [ 4]  150 	ld	e, a
      000044 CB 7B            [ 8]  151 	bit	7, e
      000046 28 07            [12]  152 	jr	Z, 00283$
      000048 CB 7A            [ 8]  153 	bit	7, d
      00004A 20 08            [12]  154 	jr	NZ, 00284$
      00004C BF               [ 4]  155 	cp	a, a
      00004D 18 05            [12]  156 	jr	00284$
      00004F                        157 00283$:
      00004F CB 7A            [ 8]  158 	bit	7, d
      000051 28 01            [12]  159 	jr	Z, 00284$
      000053 37               [ 4]  160 	scf
      000054                        161 00284$:
      000054 3E 00            [ 8]  162 	ld	a, #0x00
      000056 17               [ 4]  163 	rla
      000057 4F               [ 4]  164 	ld	c, a
                                    165 ;main.c:39: if(playerDir == backward) {//0, 1, 2, 3 || 16, 17, 18, 19 down
      000058 21r01r00         [12]  166 	ld	hl, #_playerDir + 1
      00005B 3A               [ 8]  167 	ld	a, (hl-)
                                    168 ;main.c:40: if(counter < 5){
      00005C B6               [ 8]  169 	or	a,(hl)
      00005D 20 1B            [12]  170 	jr	NZ, 00122$
      00005F B1               [ 4]  171 	or	a,c
      000060 28 0C            [12]  172 	jr	Z, 00102$
                                    173 ;main.c:41: shadow_OAM[0].tile = 1;
      000062 21r02r00         [12]  174 	ld	hl, #(_shadow_OAM + 2)
      000065 36 01            [12]  175 	ld	(hl), #0x01
                                    176 ;main.c:42: shadow_OAM[1].tile = 2;
      000067 21r06r00         [12]  177 	ld	hl, #(_shadow_OAM + 6)
      00006A 36 02            [12]  178 	ld	(hl), #0x02
      00006C 18 75            [12]  179 	jr	00123$
      00006E                        180 00102$:
                                    181 ;main.c:45: shadow_OAM[0].tile = 17;
      00006E 21r02r00         [12]  182 	ld	hl, #(_shadow_OAM + 2)
      000071 36 11            [12]  183 	ld	(hl), #0x11
                                    184 ;main.c:46: shadow_OAM[1].tile = 18;
      000073 21r06r00         [12]  185 	ld	hl, #(_shadow_OAM + 6)
      000076 36 12            [12]  186 	ld	(hl), #0x12
      000078 18 69            [12]  187 	jr	00123$
      00007A                        188 00122$:
                                    189 ;main.c:49: else if(playerDir == left) {//4, 5, 6, 7 || 24, 25, 26, 27 left
      00007A 21r00r00         [12]  190 	ld	hl, #_playerDir
      00007D 2A               [ 8]  191 	ld	a, (hl+)
      00007E 3D               [ 4]  192 	dec	a
                                    193 ;main.c:50: if(counter < 5){
      00007F B6               [ 8]  194 	or	a,(hl)
      000080 20 1B            [12]  195 	jr	NZ, 00119$
      000082 B1               [ 4]  196 	or	a,c
      000083 28 0C            [12]  197 	jr	Z, 00105$
                                    198 ;main.c:51: shadow_OAM[0].tile = 5;
      000085 21r02r00         [12]  199 	ld	hl, #(_shadow_OAM + 2)
      000088 36 05            [12]  200 	ld	(hl), #0x05
                                    201 ;main.c:52: shadow_OAM[1].tile = 6;
      00008A 21r06r00         [12]  202 	ld	hl, #(_shadow_OAM + 6)
      00008D 36 06            [12]  203 	ld	(hl), #0x06
      00008F 18 52            [12]  204 	jr	00123$
      000091                        205 00105$:
                                    206 ;main.c:55: shadow_OAM[0].tile = 25;
      000091 21r02r00         [12]  207 	ld	hl, #(_shadow_OAM + 2)
      000094 36 19            [12]  208 	ld	(hl), #0x19
                                    209 ;main.c:56: shadow_OAM[1].tile = 26;
      000096 21r06r00         [12]  210 	ld	hl, #(_shadow_OAM + 6)
      000099 36 1A            [12]  211 	ld	(hl), #0x1a
      00009B 18 46            [12]  212 	jr	00123$
      00009D                        213 00119$:
                                    214 ;main.c:59: else if(playerDir == right) {//8, 9, 10, 11 || 32, 33, 34, 35 right
      00009D 21r00r00         [12]  215 	ld	hl, #_playerDir
      0000A0 2A               [ 8]  216 	ld	a, (hl+)
      0000A1 D6 03            [ 8]  217 	sub	a, #0x03
                                    218 ;main.c:60: if(counter < 5){
      0000A3 B6               [ 8]  219 	or	a,(hl)
      0000A4 20 1B            [12]  220 	jr	NZ, 00116$
      0000A6 B1               [ 4]  221 	or	a,c
      0000A7 28 0C            [12]  222 	jr	Z, 00108$
                                    223 ;main.c:61: shadow_OAM[0].tile = 9;
      0000A9 21r02r00         [12]  224 	ld	hl, #(_shadow_OAM + 2)
      0000AC 36 09            [12]  225 	ld	(hl), #0x09
                                    226 ;main.c:62: shadow_OAM[1].tile = 10;
      0000AE 21r06r00         [12]  227 	ld	hl, #(_shadow_OAM + 6)
      0000B1 36 0A            [12]  228 	ld	(hl), #0x0a
      0000B3 18 2E            [12]  229 	jr	00123$
      0000B5                        230 00108$:
                                    231 ;main.c:65: shadow_OAM[0].tile = 33;
      0000B5 21r02r00         [12]  232 	ld	hl, #(_shadow_OAM + 2)
      0000B8 36 21            [12]  233 	ld	(hl), #0x21
                                    234 ;main.c:66: shadow_OAM[1].tile = 34;
      0000BA 21r06r00         [12]  235 	ld	hl, #(_shadow_OAM + 6)
      0000BD 36 22            [12]  236 	ld	(hl), #0x22
      0000BF 18 22            [12]  237 	jr	00123$
      0000C1                        238 00116$:
                                    239 ;main.c:69: else if(playerDir == forward) {//12, 13, 14, 15 || 40, 41, 42, 43 up
      0000C1 21r00r00         [12]  240 	ld	hl, #_playerDir
      0000C4 2A               [ 8]  241 	ld	a, (hl+)
      0000C5 D6 02            [ 8]  242 	sub	a, #0x02
                                    243 ;main.c:70: if(counter < 5){
      0000C7 B6               [ 8]  244 	or	a,(hl)
      0000C8 20 19            [12]  245 	jr	NZ, 00123$
      0000CA B1               [ 4]  246 	or	a,c
      0000CB 28 0C            [12]  247 	jr	Z, 00111$
                                    248 ;main.c:71: shadow_OAM[0].tile = 13;
      0000CD 21r02r00         [12]  249 	ld	hl, #(_shadow_OAM + 2)
      0000D0 36 0D            [12]  250 	ld	(hl), #0x0d
                                    251 ;main.c:72: shadow_OAM[1].tile = 14;
      0000D2 21r06r00         [12]  252 	ld	hl, #(_shadow_OAM + 6)
      0000D5 36 0E            [12]  253 	ld	(hl), #0x0e
      0000D7 18 0A            [12]  254 	jr	00123$
      0000D9                        255 00111$:
                                    256 ;main.c:75: shadow_OAM[0].tile = 41;
      0000D9 21r02r00         [12]  257 	ld	hl, #(_shadow_OAM + 2)
      0000DC 36 29            [12]  258 	ld	(hl), #0x29
                                    259 ;main.c:76: shadow_OAM[1].tile = 42;
      0000DE 21r06r00         [12]  260 	ld	hl, #(_shadow_OAM + 6)
      0000E1 36 2A            [12]  261 	ld	(hl), #0x2a
      0000E3                        262 00123$:
                                    263 ;main.c:85: playerDir = prevplayerDir;
      0000E3 FAr02r00         [16]  264 	ld	a, (#_prevplayerDir)
      0000E6 EAr00r00         [16]  265 	ld	(#_playerDir),a
      0000E9 FAr03r00         [16]  266 	ld	a, (#_prevplayerDir + 1)
      0000EC EAr01r00         [16]  267 	ld	(#_playerDir + 1),a
                                    268 ;main.c:90: *(unsigned char*)(InputData) = requestData; //request input data
      0000EF 21rCEr02         [12]  269 	ld	hl, #_InputData
      0000F2 2A               [ 8]  270 	ld	a, (hl+)
      0000F3 4F               [ 4]  271 	ld	c, a
      0000F4 46               [ 8]  272 	ld	b, (hl)
      0000F5 21rD2r02         [12]  273 	ld	hl, #_requestData
      0000F8 2A               [ 8]  274 	ld	a, (hl+)
      0000F9 02               [ 8]  275 	ld	(bc), a
      0000FA 03               [ 8]  276 	inc	bc
      0000FB 7E               [ 8]  277 	ld	a, (hl)
      0000FC 02               [ 8]  278 	ld	(bc), a
                                    279 ;main.c:91: joy = *(unsigned char*)(InputData);  //retrieve input data
      0000FD 21rCEr02         [12]  280 	ld	hl, #_InputData
      000100 2A               [ 8]  281 	ld	a, (hl+)
      000101 4F               [ 4]  282 	ld	c, a
      000102 46               [ 8]  283 	ld	b, (hl)
      000103 0A               [ 8]  284 	ld	a, (bc)
      000104 21r00r00         [12]  285 	ld	hl, #_main_joy_131073_155
      000107 77               [ 8]  286 	ld	(hl), a
                                    287 ;main.c:93: joy = joy&0x0F; //get the relevant 4 bits
      000108 7E               [ 8]  288 	ld	a, (hl)
      000109 E6 0F            [ 8]  289 	and	a, #0x0f
      00010B 77               [ 8]  290 	ld	(hl), a
                                    291 ;main.c:95: if (joypad() & J_UP)
      00010C CDr00r00         [24]  292 	call	_joypad
      00010F CB 57            [ 8]  293 	bit	2, a
      000111 28 07            [12]  294 	jr	Z, 00125$
                                    295 ;main.c:96: UpPressed = 1;
      000113 21rD4r02         [12]  296 	ld	hl, #_UpPressed
      000116 36 01            [12]  297 	ld	(hl), #0x01
      000118 18 05            [12]  298 	jr	00126$
      00011A                        299 00125$:
                                    300 ;main.c:98: UpPressed = 0;
      00011A 21rD4r02         [12]  301 	ld	hl, #_UpPressed
      00011D 36 00            [12]  302 	ld	(hl), #0x00
      00011F                        303 00126$:
                                    304 ;main.c:100: if (joypad() & J_DOWN) 
      00011F CDr00r00         [24]  305 	call	_joypad
      000122 CB 5F            [ 8]  306 	bit	3, a
      000124 28 07            [12]  307 	jr	Z, 00128$
                                    308 ;main.c:101: DownPressed = 1;
      000126 21rD5r02         [12]  309 	ld	hl, #_DownPressed
      000129 36 01            [12]  310 	ld	(hl), #0x01
      00012B 18 05            [12]  311 	jr	00129$
      00012D                        312 00128$:
                                    313 ;main.c:103: DownPressed = 0;
      00012D 21rD5r02         [12]  314 	ld	hl, #_DownPressed
      000130 36 00            [12]  315 	ld	(hl), #0x00
      000132                        316 00129$:
                                    317 ;main.c:105: if (joypad() & J_LEFT)
      000132 CDr00r00         [24]  318 	call	_joypad
      000135 CB 4F            [ 8]  319 	bit	1, a
      000137 28 07            [12]  320 	jr	Z, 00131$
                                    321 ;main.c:106: LeftPressed = 1;
      000139 21rD6r02         [12]  322 	ld	hl, #_LeftPressed
      00013C 36 01            [12]  323 	ld	(hl), #0x01
      00013E 18 05            [12]  324 	jr	00132$
      000140                        325 00131$:
                                    326 ;main.c:108: LeftPressed = 0;
      000140 21rD6r02         [12]  327 	ld	hl, #_LeftPressed
      000143 36 00            [12]  328 	ld	(hl), #0x00
      000145                        329 00132$:
                                    330 ;main.c:110: if (joypad() & J_RIGHT) 
      000145 CDr00r00         [24]  331 	call	_joypad
      000148 0F               [ 4]  332 	rrca
      000149 30 07            [12]  333 	jr	NC, 00134$
                                    334 ;main.c:111: RightPressed = 1;
      00014B 21rD7r02         [12]  335 	ld	hl, #_RightPressed
      00014E 36 01            [12]  336 	ld	(hl), #0x01
      000150 18 05            [12]  337 	jr	00135$
      000152                        338 00134$:
                                    339 ;main.c:113: RightPressed = 0;
      000152 21rD7r02         [12]  340 	ld	hl, #_RightPressed
      000155 36 00            [12]  341 	ld	(hl), #0x00
      000157                        342 00135$:
                                    343 ;main.c:115: if(UpPressed){
      000157 FArD4r02         [16]  344 	ld	a, (#_UpPressed)
      00015A B7               [ 4]  345 	or	a, a
      00015B 28 15            [12]  346 	jr	Z, 00145$
                                    347 ;main.c:116: playerDir = forward;
      00015D 21r00r00         [12]  348 	ld	hl, #_playerDir
      000160 3E 02            [ 8]  349 	ld	a, #0x02
      000162 22               [ 8]  350 	ld	(hl+), a
      000163 AF               [ 4]  351 	xor	a, a
      000164 77               [ 8]  352 	ld	(hl), a
                                    353 ;main.c:117: y--;
      000165 21r04r00         [12]  354 	ld	hl, #_y
      000168 2A               [ 8]  355 	ld	a, (hl+)
      000169 5F               [ 4]  356 	ld	e, a
      00016A 3A               [ 8]  357 	ld	a, (hl-)
      00016B 57               [ 4]  358 	ld	d, a
      00016C 1B               [ 8]  359 	dec	de
      00016D 7B               [ 4]  360 	ld	a, e
      00016E 22               [ 8]  361 	ld	(hl+), a
      00016F 72               [ 8]  362 	ld	(hl), d
      000170 18 47            [12]  363 	jr	00146$
      000172                        364 00145$:
                                    365 ;main.c:119: else if(DownPressed){
      000172 FArD5r02         [16]  366 	ld	a, (#_DownPressed)
      000175 B7               [ 4]  367 	or	a, a
      000176 28 10            [12]  368 	jr	Z, 00142$
                                    369 ;main.c:120: playerDir = backward;
      000178 AF               [ 4]  370 	xor	a, a
      000179 21r00r00         [12]  371 	ld	hl, #_playerDir
      00017C 22               [ 8]  372 	ld	(hl+), a
      00017D 77               [ 8]  373 	ld	(hl), a
                                    374 ;main.c:121: y++;
      00017E 21r04r00         [12]  375 	ld	hl, #_y
      000181 34               [12]  376 	inc	(hl)
      000182 20 35            [12]  377 	jr	NZ, 00146$
      000184 23               [ 8]  378 	inc	hl
      000185 34               [12]  379 	inc	(hl)
      000186 18 31            [12]  380 	jr	00146$
      000188                        381 00142$:
                                    382 ;main.c:123: else if(LeftPressed){
      000188 FArD6r02         [16]  383 	ld	a, (#_LeftPressed)
      00018B B7               [ 4]  384 	or	a, a
      00018C 28 15            [12]  385 	jr	Z, 00139$
                                    386 ;main.c:124: playerDir = left;
      00018E 21r00r00         [12]  387 	ld	hl, #_playerDir
      000191 3E 01            [ 8]  388 	ld	a, #0x01
      000193 22               [ 8]  389 	ld	(hl+), a
      000194 AF               [ 4]  390 	xor	a, a
      000195 77               [ 8]  391 	ld	(hl), a
                                    392 ;main.c:125: x--;
      000196 21r06r00         [12]  393 	ld	hl, #_x
      000199 2A               [ 8]  394 	ld	a, (hl+)
      00019A 5F               [ 4]  395 	ld	e, a
      00019B 3A               [ 8]  396 	ld	a, (hl-)
      00019C 57               [ 4]  397 	ld	d, a
      00019D 1B               [ 8]  398 	dec	de
      00019E 7B               [ 4]  399 	ld	a, e
      00019F 22               [ 8]  400 	ld	(hl+), a
      0001A0 72               [ 8]  401 	ld	(hl), d
      0001A1 18 16            [12]  402 	jr	00146$
      0001A3                        403 00139$:
                                    404 ;main.c:127: else if(RightPressed){
      0001A3 FArD7r02         [16]  405 	ld	a, (#_RightPressed)
      0001A6 B7               [ 4]  406 	or	a, a
      0001A7 28 10            [12]  407 	jr	Z, 00146$
                                    408 ;main.c:128: playerDir = right;
      0001A9 21r00r00         [12]  409 	ld	hl, #_playerDir
      0001AC 3E 03            [ 8]  410 	ld	a, #0x03
      0001AE 22               [ 8]  411 	ld	(hl+), a
      0001AF AF               [ 4]  412 	xor	a, a
      0001B0 77               [ 8]  413 	ld	(hl), a
                                    414 ;main.c:129: x++;
      0001B1 21r06r00         [12]  415 	ld	hl, #_x
      0001B4 34               [12]  416 	inc	(hl)
      0001B5 20 02            [12]  417 	jr	NZ, 00296$
      0001B7 23               [ 8]  418 	inc	hl
      0001B8 34               [12]  419 	inc	(hl)
      0001B9                        420 00296$:
      0001B9                        421 00146$:
                                    422 ;main.c:141: shadow_OAM[0].x = x-4;
      0001B9 FAr06r00         [16]  423 	ld	a, (#_x)
      0001BC C6 FC            [ 8]  424 	add	a, #0xfc
      0001BE EAr01r00         [16]  425 	ld	(#(_shadow_OAM + 1)),a
                                    426 ;main.c:142: shadow_OAM[0].y = y;
      0001C1 FAr04r00         [16]  427 	ld	a, (#_y)
      0001C4 EAr00r00         [16]  428 	ld	(#_shadow_OAM),a
                                    429 ;main.c:144: shadow_OAM[1].x = x+4;
      0001C7 FAr06r00         [16]  430 	ld	a, (#_x)
      0001CA C6 04            [ 8]  431 	add	a, #0x04
      0001CC EAr05r00         [16]  432 	ld	(#(_shadow_OAM + 5)),a
                                    433 ;main.c:145: shadow_OAM[1].y = y;
      0001CF FAr04r00         [16]  434 	ld	a, (#_y)
      0001D2 EAr04r00         [16]  435 	ld	(#(_shadow_OAM + 4)),a
                                    436 ;main.c:147: if(counter >= 10)
      0001D5 21rD8r02         [12]  437 	ld	hl, #_counter
      0001D8 2A               [ 8]  438 	ld	a, (hl+)
      0001D9 D6 0A            [ 8]  439 	sub	a, #0x0a
      0001DB 7E               [ 8]  440 	ld	a, (hl)
      0001DC DE 00            [ 8]  441 	sbc	a, #0x00
      0001DE 56               [ 8]  442 	ld	d, (hl)
      0001DF 3E 00            [ 8]  443 	ld	a, #0x00
      0001E1 CB 7F            [ 8]  444 	bit	7,a
      0001E3 28 07            [12]  445 	jr	Z, 00297$
      0001E5 CB 7A            [ 8]  446 	bit	7, d
      0001E7 20 08            [12]  447 	jr	NZ, 00298$
      0001E9 BF               [ 4]  448 	cp	a, a
      0001EA 18 05            [12]  449 	jr	00298$
      0001EC                        450 00297$:
      0001EC CB 7A            [ 8]  451 	bit	7, d
      0001EE 28 01            [12]  452 	jr	Z, 00298$
      0001F0 37               [ 4]  453 	scf
      0001F1                        454 00298$:
      0001F1 38 08            [12]  455 	jr	C, 00148$
                                    456 ;main.c:148: counter = 0;
      0001F3 AF               [ 4]  457 	xor	a, a
      0001F4 21rD8r02         [12]  458 	ld	hl, #_counter
      0001F7 22               [ 8]  459 	ld	(hl+), a
      0001F8 77               [ 8]  460 	ld	(hl), a
      0001F9 18 08            [12]  461 	jr	00149$
      0001FB                        462 00148$:
                                    463 ;main.c:150: counter++;
      0001FB 21rD8r02         [12]  464 	ld	hl, #_counter
      0001FE 34               [12]  465 	inc	(hl)
      0001FF 20 02            [12]  466 	jr	NZ, 00299$
      000201 23               [ 8]  467 	inc	hl
      000202 34               [12]  468 	inc	(hl)
      000203                        469 00299$:
      000203                        470 00149$:
                                    471 ;main.c:152: wait_vbl_done();    // wait for VBlank
      000203 CDr00r00         [24]  472 	call	_wait_vbl_done
                                    473 ;main.c:154: }
      000206 C3r37r00         [16]  474 	jp	00151$
                                    475 	.area _CODE
                                    476 	.area _INITIALIZER
      000000                        477 __xinit__playerDir:
      000000 00 00                  478 	.dw #0x0000
      000002                        479 __xinit__prevplayerDir:
      000002 FF FF                  480 	.dw #0xffff
      000004                        481 __xinit__y:
      000004 3C 00                  482 	.dw #0x003c
      000006                        483 __xinit__x:
      000006 3C 00                  484 	.dw #0x003c
      000008                        485 __xinit__PlayerSprites:
      000008 00                     486 	.db #0x00	; 0
      000009 00                     487 	.db #0x00	; 0
      00000A 07                     488 	.db #0x07	; 7
      00000B 07                     489 	.db #0x07	; 7
      00000C 08                     490 	.db #0x08	; 8
      00000D 0F                     491 	.db #0x0f	; 15
      00000E 10                     492 	.db #0x10	; 16
      00000F 1F                     493 	.db #0x1f	; 31
      000010 16                     494 	.db #0x16	; 22
      000011 1F                     495 	.db #0x1f	; 31
      000012 28                     496 	.db #0x28	; 40
      000013 29                     497 	.db #0x29	; 41
      000014 22                     498 	.db #0x22	; 34
      000015 2A                     499 	.db #0x2a	; 42
      000016 12                     500 	.db #0x12	; 18
      000017 1A                     501 	.db #0x1a	; 26
      000018 08                     502 	.db #0x08	; 8
      000019 0C                     503 	.db #0x0c	; 12
      00001A 17                     504 	.db #0x17	; 23
      00001B 1F                     505 	.db #0x1f	; 31
      00001C 20                     506 	.db #0x20	; 32
      00001D 3C                     507 	.db #0x3c	; 60
      00001E 48                     508 	.db #0x48	; 72	'H'
      00001F 7E                     509 	.db #0x7e	; 126
      000020 48                     510 	.db #0x48	; 72	'H'
      000021 6F                     511 	.db #0x6f	; 111	'o'
      000022 38                     512 	.db #0x38	; 56	'8'
      000023 3F                     513 	.db #0x3f	; 63
      000024 09                     514 	.db #0x09	; 9
      000025 0F                     515 	.db #0x0f	; 15
      000026 09                     516 	.db #0x09	; 9
      000027 09                     517 	.db #0x09	; 9
      000028 00                     518 	.db #0x00	; 0
      000029 00                     519 	.db #0x00	; 0
      00002A E0                     520 	.db #0xe0	; 224
      00002B E0                     521 	.db #0xe0	; 224
      00002C 10                     522 	.db #0x10	; 16
      00002D F0                     523 	.db #0xf0	; 240
      00002E 08                     524 	.db #0x08	; 8
      00002F F8                     525 	.db #0xf8	; 248
      000030 68                     526 	.db #0x68	; 104	'h'
      000031 F8                     527 	.db #0xf8	; 248
      000032 14                     528 	.db #0x14	; 20
      000033 94                     529 	.db #0x94	; 148
      000034 44                     530 	.db #0x44	; 68	'D'
      000035 54                     531 	.db #0x54	; 84	'T'
      000036 48                     532 	.db #0x48	; 72	'H'
      000037 58                     533 	.db #0x58	; 88	'X'
      000038 10                     534 	.db #0x10	; 16
      000039 30                     535 	.db #0x30	; 48	'0'
      00003A E8                     536 	.db #0xe8	; 232
      00003B F8                     537 	.db #0xf8	; 248
      00003C 04                     538 	.db #0x04	; 4
      00003D 3C                     539 	.db #0x3c	; 60
      00003E 12                     540 	.db #0x12	; 18
      00003F 7E                     541 	.db #0x7e	; 126
      000040 12                     542 	.db #0x12	; 18
      000041 F6                     543 	.db #0xf6	; 246
      000042 1C                     544 	.db #0x1c	; 28
      000043 FC                     545 	.db #0xfc	; 252
      000044 90                     546 	.db #0x90	; 144
      000045 F0                     547 	.db #0xf0	; 240
      000046 90                     548 	.db #0x90	; 144
      000047 90                     549 	.db #0x90	; 144
      000048 00                     550 	.db #0x00	; 0
      000049 00                     551 	.db #0x00	; 0
      00004A 07                     552 	.db #0x07	; 7
      00004B 07                     553 	.db #0x07	; 7
      00004C 08                     554 	.db #0x08	; 8
      00004D 0F                     555 	.db #0x0f	; 15
      00004E 10                     556 	.db #0x10	; 16
      00004F 1F                     557 	.db #0x1f	; 31
      000050 16                     558 	.db #0x16	; 22
      000051 1F                     559 	.db #0x1f	; 31
      000052 11                     560 	.db #0x11	; 17
      000053 19                     561 	.db #0x19	; 25
      000054 14                     562 	.db #0x14	; 20
      000055 14                     563 	.db #0x14	; 20
      000056 14                     564 	.db #0x14	; 20
      000057 14                     565 	.db #0x14	; 20
      000058 08                     566 	.db #0x08	; 8
      000059 09                     567 	.db #0x09	; 9
      00005A 07                     568 	.db #0x07	; 7
      00005B 07                     569 	.db #0x07	; 7
      00005C 04                     570 	.db #0x04	; 4
      00005D 04                     571 	.db #0x04	; 4
      00005E 05                     572 	.db #0x05	; 5
      00005F 05                     573 	.db #0x05	; 5
      000060 05                     574 	.db #0x05	; 5
      000061 07                     575 	.db #0x07	; 7
      000062 04                     576 	.db #0x04	; 4
      000063 07                     577 	.db #0x07	; 7
      000064 06                     578 	.db #0x06	; 6
      000065 07                     579 	.db #0x07	; 7
      000066 06                     580 	.db #0x06	; 6
      000067 06                     581 	.db #0x06	; 6
      000068 00                     582 	.db #0x00	; 0
      000069 00                     583 	.db #0x00	; 0
      00006A E0                     584 	.db #0xe0	; 224
      00006B E0                     585 	.db #0xe0	; 224
      00006C 10                     586 	.db #0x10	; 16
      00006D F0                     587 	.db #0xf0	; 240
      00006E 08                     588 	.db #0x08	; 8
      00006F F8                     589 	.db #0xf8	; 248
      000070 08                     590 	.db #0x08	; 8
      000071 F8                     591 	.db #0xf8	; 248
      000072 08                     592 	.db #0x08	; 8
      000073 98                     593 	.db #0x98	; 152
      000074 08                     594 	.db #0x08	; 8
      000075 98                     595 	.db #0x98	; 152
      000076 08                     596 	.db #0x08	; 8
      000077 B8                     597 	.db #0xb8	; 184
      000078 10                     598 	.db #0x10	; 16
      000079 F0                     599 	.db #0xf0	; 240
      00007A E0                     600 	.db #0xe0	; 224
      00007B E0                     601 	.db #0xe0	; 224
      00007C 20                     602 	.db #0x20	; 32
      00007D E0                     603 	.db #0xe0	; 224
      00007E 20                     604 	.db #0x20	; 32
      00007F E0                     605 	.db #0xe0	; 224
      000080 20                     606 	.db #0x20	; 32
      000081 60                     607 	.db #0x60	; 96
      000082 C0                     608 	.db #0xc0	; 192
      000083 C0                     609 	.db #0xc0	; 192
      000084 40                     610 	.db #0x40	; 64
      000085 C0                     611 	.db #0xc0	; 192
      000086 40                     612 	.db #0x40	; 64
      000087 40                     613 	.db #0x40	; 64
      000088 00                     614 	.db #0x00	; 0
      000089 00                     615 	.db #0x00	; 0
      00008A 07                     616 	.db #0x07	; 7
      00008B 07                     617 	.db #0x07	; 7
      00008C 08                     618 	.db #0x08	; 8
      00008D 0F                     619 	.db #0x0f	; 15
      00008E 10                     620 	.db #0x10	; 16
      00008F 1F                     621 	.db #0x1f	; 31
      000090 10                     622 	.db #0x10	; 16
      000091 1F                     623 	.db #0x1f	; 31
      000092 10                     624 	.db #0x10	; 16
      000093 19                     625 	.db #0x19	; 25
      000094 10                     626 	.db #0x10	; 16
      000095 19                     627 	.db #0x19	; 25
      000096 10                     628 	.db #0x10	; 16
      000097 1D                     629 	.db #0x1d	; 29
      000098 08                     630 	.db #0x08	; 8
      000099 0F                     631 	.db #0x0f	; 15
      00009A 07                     632 	.db #0x07	; 7
      00009B 07                     633 	.db #0x07	; 7
      00009C 04                     634 	.db #0x04	; 4
      00009D 07                     635 	.db #0x07	; 7
      00009E 04                     636 	.db #0x04	; 4
      00009F 07                     637 	.db #0x07	; 7
      0000A0 04                     638 	.db #0x04	; 4
      0000A1 06                     639 	.db #0x06	; 6
      0000A2 03                     640 	.db #0x03	; 3
      0000A3 03                     641 	.db #0x03	; 3
      0000A4 02                     642 	.db #0x02	; 2
      0000A5 03                     643 	.db #0x03	; 3
      0000A6 02                     644 	.db #0x02	; 2
      0000A7 02                     645 	.db #0x02	; 2
      0000A8 00                     646 	.db #0x00	; 0
      0000A9 00                     647 	.db #0x00	; 0
      0000AA E0                     648 	.db #0xe0	; 224
      0000AB E0                     649 	.db #0xe0	; 224
      0000AC 10                     650 	.db #0x10	; 16
      0000AD F0                     651 	.db #0xf0	; 240
      0000AE 08                     652 	.db #0x08	; 8
      0000AF F8                     653 	.db #0xf8	; 248
      0000B0 68                     654 	.db #0x68	; 104	'h'
      0000B1 F8                     655 	.db #0xf8	; 248
      0000B2 88                     656 	.db #0x88	; 136
      0000B3 98                     657 	.db #0x98	; 152
      0000B4 28                     658 	.db #0x28	; 40
      0000B5 28                     659 	.db #0x28	; 40
      0000B6 28                     660 	.db #0x28	; 40
      0000B7 28                     661 	.db #0x28	; 40
      0000B8 10                     662 	.db #0x10	; 16
      0000B9 90                     663 	.db #0x90	; 144
      0000BA E0                     664 	.db #0xe0	; 224
      0000BB E0                     665 	.db #0xe0	; 224
      0000BC 20                     666 	.db #0x20	; 32
      0000BD 20                     667 	.db #0x20	; 32
      0000BE A0                     668 	.db #0xa0	; 160
      0000BF A0                     669 	.db #0xa0	; 160
      0000C0 A0                     670 	.db #0xa0	; 160
      0000C1 E0                     671 	.db #0xe0	; 224
      0000C2 20                     672 	.db #0x20	; 32
      0000C3 E0                     673 	.db #0xe0	; 224
      0000C4 60                     674 	.db #0x60	; 96
      0000C5 E0                     675 	.db #0xe0	; 224
      0000C6 60                     676 	.db #0x60	; 96
      0000C7 60                     677 	.db #0x60	; 96
      0000C8 00                     678 	.db #0x00	; 0
      0000C9 00                     679 	.db #0x00	; 0
      0000CA 07                     680 	.db #0x07	; 7
      0000CB 07                     681 	.db #0x07	; 7
      0000CC 08                     682 	.db #0x08	; 8
      0000CD 0F                     683 	.db #0x0f	; 15
      0000CE 10                     684 	.db #0x10	; 16
      0000CF 1F                     685 	.db #0x1f	; 31
      0000D0 10                     686 	.db #0x10	; 16
      0000D1 1F                     687 	.db #0x1f	; 31
      0000D2 20                     688 	.db #0x20	; 32
      0000D3 2F                     689 	.db #0x2f	; 47
      0000D4 20                     690 	.db #0x20	; 32
      0000D5 2F                     691 	.db #0x2f	; 47
      0000D6 10                     692 	.db #0x10	; 16
      0000D7 1F                     693 	.db #0x1f	; 31
      0000D8 08                     694 	.db #0x08	; 8
      0000D9 0F                     695 	.db #0x0f	; 15
      0000DA 16                     696 	.db #0x16	; 22
      0000DB 1F                     697 	.db #0x1f	; 31
      0000DC 20                     698 	.db #0x20	; 32
      0000DD 3F                     699 	.db #0x3f	; 63
      0000DE 48                     700 	.db #0x48	; 72	'H'
      0000DF 7F                     701 	.db #0x7f	; 127
      0000E0 48                     702 	.db #0x48	; 72	'H'
      0000E1 6F                     703 	.db #0x6f	; 111	'o'
      0000E2 38                     704 	.db #0x38	; 56	'8'
      0000E3 3F                     705 	.db #0x3f	; 63
      0000E4 09                     706 	.db #0x09	; 9
      0000E5 0F                     707 	.db #0x0f	; 15
      0000E6 09                     708 	.db #0x09	; 9
      0000E7 0F                     709 	.db #0x0f	; 15
      0000E8 00                     710 	.db #0x00	; 0
      0000E9 00                     711 	.db #0x00	; 0
      0000EA E0                     712 	.db #0xe0	; 224
      0000EB E0                     713 	.db #0xe0	; 224
      0000EC 10                     714 	.db #0x10	; 16
      0000ED F0                     715 	.db #0xf0	; 240
      0000EE 08                     716 	.db #0x08	; 8
      0000EF F8                     717 	.db #0xf8	; 248
      0000F0 08                     718 	.db #0x08	; 8
      0000F1 F8                     719 	.db #0xf8	; 248
      0000F2 04                     720 	.db #0x04	; 4
      0000F3 F4                     721 	.db #0xf4	; 244
      0000F4 04                     722 	.db #0x04	; 4
      0000F5 F4                     723 	.db #0xf4	; 244
      0000F6 08                     724 	.db #0x08	; 8
      0000F7 F8                     725 	.db #0xf8	; 248
      0000F8 10                     726 	.db #0x10	; 16
      0000F9 F0                     727 	.db #0xf0	; 240
      0000FA 68                     728 	.db #0x68	; 104	'h'
      0000FB F8                     729 	.db #0xf8	; 248
      0000FC 04                     730 	.db #0x04	; 4
      0000FD FC                     731 	.db #0xfc	; 252
      0000FE 12                     732 	.db #0x12	; 18
      0000FF FE                     733 	.db #0xfe	; 254
      000100 12                     734 	.db #0x12	; 18
      000101 F6                     735 	.db #0xf6	; 246
      000102 1C                     736 	.db #0x1c	; 28
      000103 FC                     737 	.db #0xfc	; 252
      000104 90                     738 	.db #0x90	; 144
      000105 F0                     739 	.db #0xf0	; 240
      000106 90                     740 	.db #0x90	; 144
      000107 F0                     741 	.db #0xf0	; 240
      000108 00                     742 	.db #0x00	; 0
      000109 00                     743 	.db #0x00	; 0
      00010A 07                     744 	.db #0x07	; 7
      00010B 07                     745 	.db #0x07	; 7
      00010C 08                     746 	.db #0x08	; 8
      00010D 0F                     747 	.db #0x0f	; 15
      00010E 10                     748 	.db #0x10	; 16
      00010F 1F                     749 	.db #0x1f	; 31
      000110 16                     750 	.db #0x16	; 22
      000111 1F                     751 	.db #0x1f	; 31
      000112 28                     752 	.db #0x28	; 40
      000113 29                     753 	.db #0x29	; 41
      000114 22                     754 	.db #0x22	; 34
      000115 2A                     755 	.db #0x2a	; 42
      000116 12                     756 	.db #0x12	; 18
      000117 1A                     757 	.db #0x1a	; 26
      000118 08                     758 	.db #0x08	; 8
      000119 0C                     759 	.db #0x0c	; 12
      00011A 17                     760 	.db #0x17	; 23
      00011B 1F                     761 	.db #0x1f	; 31
      00011C 20                     762 	.db #0x20	; 32
      00011D 3C                     763 	.db #0x3c	; 60
      00011E 28                     764 	.db #0x28	; 40
      00011F 2E                     765 	.db #0x2e	; 46
      000120 1E                     766 	.db #0x1e	; 30
      000121 1F                     767 	.db #0x1f	; 31
      000122 09                     768 	.db #0x09	; 9
      000123 09                     769 	.db #0x09	; 9
      000124 09                     770 	.db #0x09	; 9
      000125 0F                     771 	.db #0x0f	; 15
      000126 07                     772 	.db #0x07	; 7
      000127 07                     773 	.db #0x07	; 7
      000128 00                     774 	.db #0x00	; 0
      000129 00                     775 	.db #0x00	; 0
      00012A E0                     776 	.db #0xe0	; 224
      00012B E0                     777 	.db #0xe0	; 224
      00012C 10                     778 	.db #0x10	; 16
      00012D F0                     779 	.db #0xf0	; 240
      00012E 08                     780 	.db #0x08	; 8
      00012F F8                     781 	.db #0xf8	; 248
      000130 68                     782 	.db #0x68	; 104	'h'
      000131 F8                     783 	.db #0xf8	; 248
      000132 14                     784 	.db #0x14	; 20
      000133 94                     785 	.db #0x94	; 148
      000134 44                     786 	.db #0x44	; 68	'D'
      000135 54                     787 	.db #0x54	; 84	'T'
      000136 48                     788 	.db #0x48	; 72	'H'
      000137 58                     789 	.db #0x58	; 88	'X'
      000138 10                     790 	.db #0x10	; 16
      000139 30                     791 	.db #0x30	; 48	'0'
      00013A E8                     792 	.db #0xe8	; 232
      00013B F8                     793 	.db #0xf8	; 248
      00013C 04                     794 	.db #0x04	; 4
      00013D 3C                     795 	.db #0x3c	; 60
      00013E 24                     796 	.db #0x24	; 36
      00013F 7C                     797 	.db #0x7c	; 124
      000140 24                     798 	.db #0x24	; 36
      000141 EC                     799 	.db #0xec	; 236
      000142 38                     800 	.db #0x38	; 56	'8'
      000143 F8                     801 	.db #0xf8	; 248
      000144 E0                     802 	.db #0xe0	; 224
      000145 E0                     803 	.db #0xe0	; 224
      000146 C0                     804 	.db #0xc0	; 192
      000147 C0                     805 	.db #0xc0	; 192
      000148 00                     806 	.db #0x00	; 0
      000149 00                     807 	.db #0x00	; 0
      00014A 07                     808 	.db #0x07	; 7
      00014B 07                     809 	.db #0x07	; 7
      00014C 08                     810 	.db #0x08	; 8
      00014D 0F                     811 	.db #0x0f	; 15
      00014E 10                     812 	.db #0x10	; 16
      00014F 1F                     813 	.db #0x1f	; 31
      000150 16                     814 	.db #0x16	; 22
      000151 1F                     815 	.db #0x1f	; 31
      000152 28                     816 	.db #0x28	; 40
      000153 29                     817 	.db #0x29	; 41
      000154 22                     818 	.db #0x22	; 34
      000155 2A                     819 	.db #0x2a	; 42
      000156 12                     820 	.db #0x12	; 18
      000157 1A                     821 	.db #0x1a	; 26
      000158 08                     822 	.db #0x08	; 8
      000159 0C                     823 	.db #0x0c	; 12
      00015A 17                     824 	.db #0x17	; 23
      00015B 1F                     825 	.db #0x1f	; 31
      00015C 20                     826 	.db #0x20	; 32
      00015D 3C                     827 	.db #0x3c	; 60
      00015E 24                     828 	.db #0x24	; 36
      00015F 3E                     829 	.db #0x3e	; 62
      000160 24                     830 	.db #0x24	; 36
      000161 37                     831 	.db #0x37	; 55	'7'
      000162 1C                     832 	.db #0x1c	; 28
      000163 1F                     833 	.db #0x1f	; 31
      000164 07                     834 	.db #0x07	; 7
      000165 07                     835 	.db #0x07	; 7
      000166 03                     836 	.db #0x03	; 3
      000167 03                     837 	.db #0x03	; 3
      000168 00                     838 	.db #0x00	; 0
      000169 00                     839 	.db #0x00	; 0
      00016A E0                     840 	.db #0xe0	; 224
      00016B E0                     841 	.db #0xe0	; 224
      00016C 10                     842 	.db #0x10	; 16
      00016D F0                     843 	.db #0xf0	; 240
      00016E 08                     844 	.db #0x08	; 8
      00016F F8                     845 	.db #0xf8	; 248
      000170 68                     846 	.db #0x68	; 104	'h'
      000171 F8                     847 	.db #0xf8	; 248
      000172 14                     848 	.db #0x14	; 20
      000173 94                     849 	.db #0x94	; 148
      000174 44                     850 	.db #0x44	; 68	'D'
      000175 54                     851 	.db #0x54	; 84	'T'
      000176 48                     852 	.db #0x48	; 72	'H'
      000177 58                     853 	.db #0x58	; 88	'X'
      000178 10                     854 	.db #0x10	; 16
      000179 30                     855 	.db #0x30	; 48	'0'
      00017A E8                     856 	.db #0xe8	; 232
      00017B F8                     857 	.db #0xf8	; 248
      00017C 04                     858 	.db #0x04	; 4
      00017D 3C                     859 	.db #0x3c	; 60
      00017E 14                     860 	.db #0x14	; 20
      00017F 74                     861 	.db #0x74	; 116	't'
      000180 78                     862 	.db #0x78	; 120	'x'
      000181 F8                     863 	.db #0xf8	; 248
      000182 90                     864 	.db #0x90	; 144
      000183 90                     865 	.db #0x90	; 144
      000184 90                     866 	.db #0x90	; 144
      000185 F0                     867 	.db #0xf0	; 240
      000186 E0                     868 	.db #0xe0	; 224
      000187 E0                     869 	.db #0xe0	; 224
      000188 00                     870 	.db #0x00	; 0
      000189 00                     871 	.db #0x00	; 0
      00018A 07                     872 	.db #0x07	; 7
      00018B 07                     873 	.db #0x07	; 7
      00018C 08                     874 	.db #0x08	; 8
      00018D 0F                     875 	.db #0x0f	; 15
      00018E 10                     876 	.db #0x10	; 16
      00018F 1F                     877 	.db #0x1f	; 31
      000190 16                     878 	.db #0x16	; 22
      000191 1F                     879 	.db #0x1f	; 31
      000192 11                     880 	.db #0x11	; 17
      000193 19                     881 	.db #0x19	; 25
      000194 14                     882 	.db #0x14	; 20
      000195 14                     883 	.db #0x14	; 20
      000196 14                     884 	.db #0x14	; 20
      000197 14                     885 	.db #0x14	; 20
      000198 08                     886 	.db #0x08	; 8
      000199 09                     887 	.db #0x09	; 9
      00019A 07                     888 	.db #0x07	; 7
      00019B 07                     889 	.db #0x07	; 7
      00019C 05                     890 	.db #0x05	; 5
      00019D 05                     891 	.db #0x05	; 5
      00019E 06                     892 	.db #0x06	; 6
      00019F 07                     893 	.db #0x07	; 7
      0001A0 0E                     894 	.db #0x0e	; 14
      0001A1 0E                     895 	.db #0x0e	; 14
      0001A2 09                     896 	.db #0x09	; 9
      0001A3 0B                     897 	.db #0x0b	; 11
      0001A4 04                     898 	.db #0x04	; 4
      0001A5 05                     899 	.db #0x05	; 5
      0001A6 03                     900 	.db #0x03	; 3
      0001A7 03                     901 	.db #0x03	; 3
      0001A8 00                     902 	.db #0x00	; 0
      0001A9 00                     903 	.db #0x00	; 0
      0001AA E0                     904 	.db #0xe0	; 224
      0001AB E0                     905 	.db #0xe0	; 224
      0001AC 10                     906 	.db #0x10	; 16
      0001AD F0                     907 	.db #0xf0	; 240
      0001AE 08                     908 	.db #0x08	; 8
      0001AF F8                     909 	.db #0xf8	; 248
      0001B0 08                     910 	.db #0x08	; 8
      0001B1 F8                     911 	.db #0xf8	; 248
      0001B2 08                     912 	.db #0x08	; 8
      0001B3 98                     913 	.db #0x98	; 152
      0001B4 08                     914 	.db #0x08	; 8
      0001B5 98                     915 	.db #0x98	; 152
      0001B6 08                     916 	.db #0x08	; 8
      0001B7 B8                     917 	.db #0xb8	; 184
      0001B8 10                     918 	.db #0x10	; 16
      0001B9 F0                     919 	.db #0xf0	; 240
      0001BA F0                     920 	.db #0xf0	; 240
      0001BB F0                     921 	.db #0xf0	; 240
      0001BC 90                     922 	.db #0x90	; 144
      0001BD F0                     923 	.db #0xf0	; 240
      0001BE 18                     924 	.db #0x18	; 24
      0001BF F8                     925 	.db #0xf8	; 248
      0001C0 24                     926 	.db #0x24	; 36
      0001C1 F4                     927 	.db #0xf4	; 244
      0001C2 D4                     928 	.db #0xd4	; 212
      0001C3 F4                     929 	.db #0xf4	; 244
      0001C4 F8                     930 	.db #0xf8	; 248
      0001C5 F8                     931 	.db #0xf8	; 248
      0001C6 00                     932 	.db #0x00	; 0
      0001C7 00                     933 	.db #0x00	; 0
      0001C8 00                     934 	.db #0x00	; 0
      0001C9 00                     935 	.db #0x00	; 0
      0001CA 07                     936 	.db #0x07	; 7
      0001CB 07                     937 	.db #0x07	; 7
      0001CC 08                     938 	.db #0x08	; 8
      0001CD 0F                     939 	.db #0x0f	; 15
      0001CE 10                     940 	.db #0x10	; 16
      0001CF 1F                     941 	.db #0x1f	; 31
      0001D0 16                     942 	.db #0x16	; 22
      0001D1 1F                     943 	.db #0x1f	; 31
      0001D2 11                     944 	.db #0x11	; 17
      0001D3 19                     945 	.db #0x19	; 25
      0001D4 14                     946 	.db #0x14	; 20
      0001D5 14                     947 	.db #0x14	; 20
      0001D6 14                     948 	.db #0x14	; 20
      0001D7 14                     949 	.db #0x14	; 20
      0001D8 08                     950 	.db #0x08	; 8
      0001D9 09                     951 	.db #0x09	; 9
      0001DA 0F                     952 	.db #0x0f	; 15
      0001DB 0F                     953 	.db #0x0f	; 15
      0001DC 0A                     954 	.db #0x0a	; 10
      0001DD 0A                     955 	.db #0x0a	; 10
      0001DE 06                     956 	.db #0x06	; 6
      0001DF 06                     957 	.db #0x06	; 6
      0001E0 07                     958 	.db #0x07	; 7
      0001E1 07                     959 	.db #0x07	; 7
      0001E2 04                     960 	.db #0x04	; 4
      0001E3 05                     961 	.db #0x05	; 5
      0001E4 02                     962 	.db #0x02	; 2
      0001E5 02                     963 	.db #0x02	; 2
      0001E6 01                     964 	.db #0x01	; 1
      0001E7 01                     965 	.db #0x01	; 1
      0001E8 00                     966 	.db #0x00	; 0
      0001E9 00                     967 	.db #0x00	; 0
      0001EA E0                     968 	.db #0xe0	; 224
      0001EB E0                     969 	.db #0xe0	; 224
      0001EC 10                     970 	.db #0x10	; 16
      0001ED F0                     971 	.db #0xf0	; 240
      0001EE 08                     972 	.db #0x08	; 8
      0001EF F8                     973 	.db #0xf8	; 248
      0001F0 08                     974 	.db #0x08	; 8
      0001F1 F8                     975 	.db #0xf8	; 248
      0001F2 08                     976 	.db #0x08	; 8
      0001F3 98                     977 	.db #0x98	; 152
      0001F4 08                     978 	.db #0x08	; 8
      0001F5 98                     979 	.db #0x98	; 152
      0001F6 08                     980 	.db #0x08	; 8
      0001F7 B8                     981 	.db #0xb8	; 184
      0001F8 18                     982 	.db #0x18	; 24
      0001F9 F8                     983 	.db #0xf8	; 248
      0001FA E4                     984 	.db #0xe4	; 228
      0001FB FC                     985 	.db #0xfc	; 252
      0001FC 02                     986 	.db #0x02	; 2
      0001FD 7E                     987 	.db #0x7e	; 126
      0001FE 12                     988 	.db #0x12	; 18
      0001FF F6                     989 	.db #0xf6	; 246
      000200 9C                     990 	.db #0x9c	; 156
      000201 FC                     991 	.db #0xfc	; 252
      000202 14                     992 	.db #0x14	; 20
      000203 F4                     993 	.db #0xf4	; 244
      000204 78                     994 	.db #0x78	; 120	'x'
      000205 F8                     995 	.db #0xf8	; 248
      000206 80                     996 	.db #0x80	; 128
      000207 80                     997 	.db #0x80	; 128
      000208 00                     998 	.db #0x00	; 0
      000209 00                     999 	.db #0x00	; 0
      00020A 07                    1000 	.db #0x07	; 7
      00020B 07                    1001 	.db #0x07	; 7
      00020C 08                    1002 	.db #0x08	; 8
      00020D 0F                    1003 	.db #0x0f	; 15
      00020E 10                    1004 	.db #0x10	; 16
      00020F 1F                    1005 	.db #0x1f	; 31
      000210 10                    1006 	.db #0x10	; 16
      000211 1F                    1007 	.db #0x1f	; 31
      000212 10                    1008 	.db #0x10	; 16
      000213 19                    1009 	.db #0x19	; 25
      000214 10                    1010 	.db #0x10	; 16
      000215 19                    1011 	.db #0x19	; 25
      000216 10                    1012 	.db #0x10	; 16
      000217 1D                    1013 	.db #0x1d	; 29
      000218 18                    1014 	.db #0x18	; 24
      000219 1F                    1015 	.db #0x1f	; 31
      00021A 27                    1016 	.db #0x27	; 39
      00021B 3F                    1017 	.db #0x3f	; 63
      00021C 40                    1018 	.db #0x40	; 64
      00021D 7E                    1019 	.db #0x7e	; 126
      00021E 48                    1020 	.db #0x48	; 72	'H'
      00021F 6F                    1021 	.db #0x6f	; 111	'o'
      000220 39                    1022 	.db #0x39	; 57	'9'
      000221 3F                    1023 	.db #0x3f	; 63
      000222 28                    1024 	.db #0x28	; 40
      000223 2F                    1025 	.db #0x2f	; 47
      000224 1E                    1026 	.db #0x1e	; 30
      000225 1F                    1027 	.db #0x1f	; 31
      000226 01                    1028 	.db #0x01	; 1
      000227 01                    1029 	.db #0x01	; 1
      000228 00                    1030 	.db #0x00	; 0
      000229 00                    1031 	.db #0x00	; 0
      00022A E0                    1032 	.db #0xe0	; 224
      00022B E0                    1033 	.db #0xe0	; 224
      00022C 10                    1034 	.db #0x10	; 16
      00022D F0                    1035 	.db #0xf0	; 240
      00022E 08                    1036 	.db #0x08	; 8
      00022F F8                    1037 	.db #0xf8	; 248
      000230 68                    1038 	.db #0x68	; 104	'h'
      000231 F8                    1039 	.db #0xf8	; 248
      000232 88                    1040 	.db #0x88	; 136
      000233 98                    1041 	.db #0x98	; 152
      000234 28                    1042 	.db #0x28	; 40
      000235 28                    1043 	.db #0x28	; 40
      000236 28                    1044 	.db #0x28	; 40
      000237 28                    1045 	.db #0x28	; 40
      000238 10                    1046 	.db #0x10	; 16
      000239 90                    1047 	.db #0x90	; 144
      00023A F0                    1048 	.db #0xf0	; 240
      00023B F0                    1049 	.db #0xf0	; 240
      00023C 50                    1050 	.db #0x50	; 80	'P'
      00023D 50                    1051 	.db #0x50	; 80	'P'
      00023E 60                    1052 	.db #0x60	; 96
      00023F 60                    1053 	.db #0x60	; 96
      000240 E0                    1054 	.db #0xe0	; 224
      000241 E0                    1055 	.db #0xe0	; 224
      000242 20                    1056 	.db #0x20	; 32
      000243 A0                    1057 	.db #0xa0	; 160
      000244 40                    1058 	.db #0x40	; 64
      000245 40                    1059 	.db #0x40	; 64
      000246 80                    1060 	.db #0x80	; 128
      000247 80                    1061 	.db #0x80	; 128
      000248 00                    1062 	.db #0x00	; 0
      000249 00                    1063 	.db #0x00	; 0
      00024A 07                    1064 	.db #0x07	; 7
      00024B 07                    1065 	.db #0x07	; 7
      00024C 08                    1066 	.db #0x08	; 8
      00024D 0F                    1067 	.db #0x0f	; 15
      00024E 10                    1068 	.db #0x10	; 16
      00024F 1F                    1069 	.db #0x1f	; 31
      000250 10                    1070 	.db #0x10	; 16
      000251 1F                    1071 	.db #0x1f	; 31
      000252 10                    1072 	.db #0x10	; 16
      000253 19                    1073 	.db #0x19	; 25
      000254 10                    1074 	.db #0x10	; 16
      000255 19                    1075 	.db #0x19	; 25
      000256 10                    1076 	.db #0x10	; 16
      000257 1D                    1077 	.db #0x1d	; 29
      000258 08                    1078 	.db #0x08	; 8
      000259 0F                    1079 	.db #0x0f	; 15
      00025A 0F                    1080 	.db #0x0f	; 15
      00025B 0F                    1081 	.db #0x0f	; 15
      00025C 09                    1082 	.db #0x09	; 9
      00025D 0F                    1083 	.db #0x0f	; 15
      00025E 18                    1084 	.db #0x18	; 24
      00025F 1F                    1085 	.db #0x1f	; 31
      000260 24                    1086 	.db #0x24	; 36
      000261 2F                    1087 	.db #0x2f	; 47
      000262 2B                    1088 	.db #0x2b	; 43
      000263 2F                    1089 	.db #0x2f	; 47
      000264 1F                    1090 	.db #0x1f	; 31
      000265 1F                    1091 	.db #0x1f	; 31
      000266 00                    1092 	.db #0x00	; 0
      000267 00                    1093 	.db #0x00	; 0
      000268 00                    1094 	.db #0x00	; 0
      000269 00                    1095 	.db #0x00	; 0
      00026A E0                    1096 	.db #0xe0	; 224
      00026B E0                    1097 	.db #0xe0	; 224
      00026C 10                    1098 	.db #0x10	; 16
      00026D F0                    1099 	.db #0xf0	; 240
      00026E 08                    1100 	.db #0x08	; 8
      00026F F8                    1101 	.db #0xf8	; 248
      000270 68                    1102 	.db #0x68	; 104	'h'
      000271 F8                    1103 	.db #0xf8	; 248
      000272 88                    1104 	.db #0x88	; 136
      000273 98                    1105 	.db #0x98	; 152
      000274 28                    1106 	.db #0x28	; 40
      000275 28                    1107 	.db #0x28	; 40
      000276 28                    1108 	.db #0x28	; 40
      000277 28                    1109 	.db #0x28	; 40
      000278 10                    1110 	.db #0x10	; 16
      000279 90                    1111 	.db #0x90	; 144
      00027A E0                    1112 	.db #0xe0	; 224
      00027B E0                    1113 	.db #0xe0	; 224
      00027C A0                    1114 	.db #0xa0	; 160
      00027D A0                    1115 	.db #0xa0	; 160
      00027E 60                    1116 	.db #0x60	; 96
      00027F E0                    1117 	.db #0xe0	; 224
      000280 70                    1118 	.db #0x70	; 112	'p'
      000281 70                    1119 	.db #0x70	; 112	'p'
      000282 90                    1120 	.db #0x90	; 144
      000283 D0                    1121 	.db #0xd0	; 208
      000284 20                    1122 	.db #0x20	; 32
      000285 A0                    1123 	.db #0xa0	; 160
      000286 C0                    1124 	.db #0xc0	; 192
      000287 C0                    1125 	.db #0xc0	; 192
      000288 00                    1126 	.db #0x00	; 0
      000289 00                    1127 	.db #0x00	; 0
      00028A 07                    1128 	.db #0x07	; 7
      00028B 07                    1129 	.db #0x07	; 7
      00028C 08                    1130 	.db #0x08	; 8
      00028D 0F                    1131 	.db #0x0f	; 15
      00028E 10                    1132 	.db #0x10	; 16
      00028F 1F                    1133 	.db #0x1f	; 31
      000290 10                    1134 	.db #0x10	; 16
      000291 1F                    1135 	.db #0x1f	; 31
      000292 20                    1136 	.db #0x20	; 32
      000293 2F                    1137 	.db #0x2f	; 47
      000294 20                    1138 	.db #0x20	; 32
      000295 2F                    1139 	.db #0x2f	; 47
      000296 10                    1140 	.db #0x10	; 16
      000297 1F                    1141 	.db #0x1f	; 31
      000298 08                    1142 	.db #0x08	; 8
      000299 0F                    1143 	.db #0x0f	; 15
      00029A 16                    1144 	.db #0x16	; 22
      00029B 1F                    1145 	.db #0x1f	; 31
      00029C 20                    1146 	.db #0x20	; 32
      00029D 3F                    1147 	.db #0x3f	; 63
      00029E 28                    1148 	.db #0x28	; 40
      00029F 2F                    1149 	.db #0x2f	; 47
      0002A0 1E                    1150 	.db #0x1e	; 30
      0002A1 1F                    1151 	.db #0x1f	; 31
      0002A2 09                    1152 	.db #0x09	; 9
      0002A3 0F                    1153 	.db #0x0f	; 15
      0002A4 09                    1154 	.db #0x09	; 9
      0002A5 09                    1155 	.db #0x09	; 9
      0002A6 07                    1156 	.db #0x07	; 7
      0002A7 07                    1157 	.db #0x07	; 7
      0002A8 00                    1158 	.db #0x00	; 0
      0002A9 00                    1159 	.db #0x00	; 0
      0002AA E0                    1160 	.db #0xe0	; 224
      0002AB E0                    1161 	.db #0xe0	; 224
      0002AC 10                    1162 	.db #0x10	; 16
      0002AD F0                    1163 	.db #0xf0	; 240
      0002AE 08                    1164 	.db #0x08	; 8
      0002AF F8                    1165 	.db #0xf8	; 248
      0002B0 08                    1166 	.db #0x08	; 8
      0002B1 F8                    1167 	.db #0xf8	; 248
      0002B2 04                    1168 	.db #0x04	; 4
      0002B3 F4                    1169 	.db #0xf4	; 244
      0002B4 04                    1170 	.db #0x04	; 4
      0002B5 F4                    1171 	.db #0xf4	; 244
      0002B6 08                    1172 	.db #0x08	; 8
      0002B7 F8                    1173 	.db #0xf8	; 248
      0002B8 10                    1174 	.db #0x10	; 16
      0002B9 F0                    1175 	.db #0xf0	; 240
      0002BA 68                    1176 	.db #0x68	; 104	'h'
      0002BB F8                    1177 	.db #0xf8	; 248
      0002BC 04                    1178 	.db #0x04	; 4
      0002BD FC                    1179 	.db #0xfc	; 252
      0002BE 24                    1180 	.db #0x24	; 36
      0002BF FC                    1181 	.db #0xfc	; 252
      0002C0 24                    1182 	.db #0x24	; 36
      0002C1 EC                    1183 	.db #0xec	; 236
      0002C2 38                    1184 	.db #0x38	; 56	'8'
      0002C3 F8                    1185 	.db #0xf8	; 248
      0002C4 E0                    1186 	.db #0xe0	; 224
      0002C5 E0                    1187 	.db #0xe0	; 224
      0002C6 C0                    1188 	.db #0xc0	; 192
      0002C7 C0                    1189 	.db #0xc0	; 192
      0002C8                       1190 __xinit__vram:
      0002C8 00 80                 1191 	.dw #0x8000
      0002CA                       1192 __xinit__pallets:
      0002CA 00 90                 1193 	.dw #0x9000
      0002CC                       1194 __xinit__tilemap:
      0002CC 00 98                 1195 	.dw #0x9800
      0002CE                       1196 __xinit__InputData:
      0002CE 00 FF                 1197 	.dw #0xff00
      0002D0                       1198 __xinit__spriteAttributes:
      0002D0 00 FE                 1199 	.dw #0xfe00
      0002D2                       1200 __xinit__requestData:
      0002D2 20 00                 1201 	.dw #0x0020
      0002D4                       1202 __xinit__UpPressed:
      0002D4 00                    1203 	.db #0x00	;  0
      0002D5                       1204 __xinit__DownPressed:
      0002D5 00                    1205 	.db #0x00	;  0
      0002D6                       1206 __xinit__LeftPressed:
      0002D6 00                    1207 	.db #0x00	;  0
      0002D7                       1208 __xinit__RightPressed:
      0002D7 00                    1209 	.db #0x00	;  0
      0002D8                       1210 __xinit__counter:
      0002D8 00 00                 1211 	.dw #0x0000
                                   1212 	.area _CABS (ABS)
